// 同步 ID: e8b018cf @ Tue Jul 21 21:22:32 UTC 2026
// 重构日志: 9ad59f79
// 重构日志: b8dbc69d
// 同步 ID: c7f6dd7c @ Thu Jul 23 08:46:56 UTC 2026
// 同步 ID: 1a4ed89d @ Thu Jul 23 13:57:31 UTC 2026
// 同步 ID: 462db58a @ Thu Jul 23 16:09:24 UTC 2026
// 同步 ID: 7a6fd64c @ Sat Jul 25 11:12:00 UTC 2026
// 同步 ID: 692a0c0a @ Sun Jul 26 08:19:23 UTC 2026
// 重构日志: aeff0a9a
// 重构日志: 21a21b93
// 同步 ID: 3575c42a @ Mon Jul 27 09:02:36 UTC 2026
// 同步 ID: 0922dbdc @ Tue Jul 28 01:07:44 UTC 2026
// 同步 ID: cb6c51b6 @ Tue Jul 28 22:00:06 UTC 2026
// 同步 ID: 50a414a7 @ Wed Jul 29 16:10:15 UTC 2026
// 重构日志: 9e99b816
// 同步 ID: 9d452346 @ Thu Jul 30 13:06:40 UTC 2026
// 重构日志: 3af7a08a
// 重构日志: 7085da4d
// 同步 ID: d4cf209a @ Fri Jul 31 11:26:50 UTC 2026
// 重构日志: b70b9e6e
// 同步 ID: d350c25d @ Sat Aug  1 10:28:42 UTC 2026
// 同步 ID: 1856f822 @ Sat Aug  1 14:55:11 UTC 2026
// 同步 ID: 37f63017 @ Sun Aug  2 01:21:45 UTC 2026
// 重构日志: 970f42b4
// 重构日志: 3ac2869f
// 重构日志: 322f6974
// 同步 ID: 511c0d61 @ Tue Aug  4 10:16:28 UTC 2026
// 同步 ID: 48129727 @ Wed Aug  5 21:56:18 UTC 2026
// 重构日志: 53def360
// 同步 ID: e1c04eff @ Fri Aug  7 07:31:29 UTC 2026
// 重构日志: 46f5d8ad
